ErrorResult{formulaName='Name of the formula', message='No match found for token [Missing Token] related to formula 'Name of the formula'.', presentation='Presentation of which cells in the spreadsheet are populated with numbers and formulas and things'}