ErrorResult{formulaName='Name of the formula', message='Circular Reference in spreadsheet related to formula 'Name of the formula'. Cells: System.Collections.Generic.List`1[System.String]', presentation='Presentation of which cells in the spreadsheet are populated with numbers and formulas and things'}